// Jest Snapshot v1, https://goo.gl/fbAQLP

exports[`RTT opens and close as expected returns and error when wrong serialnumber 1`] = `
[Error: Error occured when start rtt. Errorcode: Could Not Get Device Information (0x3)
Lowlevel error: EMULATOR_NOT_CONNECTED (fffffff6)
]
`;

exports[`RTT reads from device reads startmessage 1`] = `
"RTT Loopback Session started, DK connected
"
`;

exports[`RTT reads from device reads startmessage 2`] = `
Array [
  82,
  84,
  84,
  32,
  76,
  111,
  111,
  112,
  98,
  97,
  99,
  107,
  32,
  83,
  101,
  115,
  115,
  105,
  111,
  110,
  32,
  115,
  116,
  97,
  114,
  116,
  101,
  100,
  44,
  32,
  68,
  75,
  32,
  99,
  111,
  110,
  110,
  101,
  99,
  116,
  101,
  100,
  13,
  10,
]
`;
