// Jest Snapshot v1, https://goo.gl/fbAQLP

exports[`Test nrfjprog integration Generic functionality throws when wrong parameters are sent in 1`] = `"First argument must be a function"`;

exports[`Test nrfjprog integration Single-device Non-destructive functionality throws an error when device do not exist 1`] = `
[Error: Error occured when get device family. Errorcode: CouldNotOpenDevice (0x4)
]
`;
