// Jest Snapshot v1, https://goo.gl/fbAQLP

exports[`Single device - non-destructive throws an error when device do not exist 1`] = `
[Error: Error occured when get family. Errorcode: CouldNotOpenDevice (0x4)
Lowlevel error: EMULATOR_NOT_CONNECTED (fffffff6)
===============================================
Start of get family
===============================================
HiLvlnRFJ_dll_open: HiLvlnRFJ_dll_open: C:\\Program Files (x86)\\Nordic Semiconductor\\nrf5x\\bin\\NRFJPROG.dll found.
HiLvlnRFJ_dll_open: nrfjprog.dll opened and loaded successfully.
HiLvlnRFJ_probe_init: HiLvlnRFJ_probe_init: jlink_path parameter is NULL, latest SEGGER DLL from Windows registry will be looked for and used.
HiLvlnRFJ_probe_init: Use JLINKARM DLL at C:\\Program Files (x86)\\SEGGER\\JLink_V612a\\JLinkARM.dll.
HiLvlnRFJ_get_connected_probes: HiLvlnRFJ_get_connected_probes: Use JLINKARM DLL at C:\\Program Files (x86)\\SEGGER\\JLink_V612a\\JLinkARM.dll
HiLvlnRFJ_get_connected_probes:   NRFJPROG: FUNCTION: open_dll.
HiLvlnRFJ_get_connected_probes:   NRFJPROG: FUNCTION: open_dll.
HiLvlnRFJ_get_connected_probes: DLL opened.
HiLvlnRFJ_get_connected_probes:   NRFJPROG: FUNCTION: enum_emu_snr.
HiLvlnRFJ_get_connected_probes:   NRFJPROG: FUNCTION: enum_emu_snr.
HiLvlnRFJ_get_connected_probes: Closing DLL.
HiLvlnRFJ_get_connected_probes:   NRFJPROG: FUNCTION: close_dll.
HiLvlnRFJ_get_connected_probes:   NRFJPROG: FUNCTION: close_dll.
HiLvlnRFJ_probe_init: HiLvlnRFJ_probe_init: Emulator is not connected.

]
`;
